// Jest Snapshot v1, https://goo.gl/fbAQLP

exports[`ClassContainer Matches DOM Snapshot 1`] = `
<div
  className="mb-4"
>
  <label
    className="block text-gray-700 text-sm font-bold mb-2"
  >
    Select a Class
  </label>
  <span
    className="inline-block bg-gray-200 rounded-full px-3 py-1 text-sm font-semibold text-gray-700 mr-2"
  >
    <input
      name="dndClass"
      type="radio"
      value="Barbarian"
    />
      
    Barbarian
  </span>
  <span
    className="inline-block bg-gray-200 rounded-full px-3 py-1 text-sm font-semibold text-gray-700 mr-2"
  >
    <input
      name="dndClass"
      type="radio"
      value="Bard"
    />
      
    Bard
  </span>
  <span
    className="inline-block bg-gray-200 rounded-full px-3 py-1 text-sm font-semibold text-gray-700 mr-2"
  >
    <input
      name="dndClass"
      type="radio"
      value="Cleric"
    />
      
    Cleric
  </span>
  <span
    className="inline-block bg-gray-200 rounded-full px-3 py-1 text-sm font-semibold text-gray-700 mr-2"
  >
    <input
      name="dndClass"
      type="radio"
      value="Fighter"
    />
      
    Fighter
  </span>
  <span
    className="inline-block bg-gray-200 rounded-full px-3 py-1 text-sm font-semibold text-gray-700 mr-2"
  >
    <input
      name="dndClass"
      type="radio"
      value="Monk"
    />
      
    Monk
  </span>
  <span
    className="inline-block bg-gray-200 rounded-full px-3 py-1 text-sm font-semibold text-gray-700 mr-2"
  >
    <input
      name="dndClass"
      type="radio"
      value="Ranger"
    />
      
    Ranger
  </span>
  <span
    className="inline-block bg-gray-200 rounded-full px-3 py-1 text-sm font-semibold text-gray-700 mr-2"
  >
    <input
      name="dndClass"
      type="radio"
      value="Rogue"
    />
      
    Rogue
  </span>
  <span
    className="inline-block bg-gray-200 rounded-full px-3 py-1 text-sm font-semibold text-gray-700 mr-2"
  >
    <input
      name="dndClass"
      type="radio"
      value="Wizard"
    />
      
    Wizard
  </span>
</div>
`;
